
TM@DESKTOP-S1CO95O MINGW64 ~
$ mkdir SI_2023_lab1_171261

TM@DESKTOP-S1CO95O MINGW64 ~
$ cd SI_2023_lab1_171261

TM@DESKTOP-S1CO95O MINGW64 ~SI_2023_lab1_171261
$ git init
Initialized empty Git repository in CUsersTMSI_2023_lab1_171261.git

TM@DESKTOP-S1CO95O MINGW64 ~SI_2023_lab1_171261 (master)
$ git remote add origin httpsgithub.commladenovteodorSI_2023_lab1_171261.t

TM@DESKTOP-S1CO95O MINGW64 ~SI_2023_lab1_171261 (master)
$ git remote -v
origin  httpsgithub.commladenovteodorSI_2023_lab1_171261.git (fetch)
origin  httpsgithub.commladenovteodorSI_2023_lab1_171261.git (push)

TM@DESKTOP-S1CO95O MINGW64 ~SI_2023_lab1_171261 (master)
$ ^C

TM@DESKTOP-S1CO95O MINGW64 ~SI_2023_lab1_171261 (master)
$ echo # SI_2023_lab1_171261  README.md

TM@DESKTOP-S1CO95O MINGW64 ~SI_2023_lab1_171261 (master)
$ ls
README.md

TM@DESKTOP-S1CO95O MINGW64 ~SI_2023_lab1_171261 (master)
$ git add README.md
warning in the working copy of 'README.md', LF will be replaced by CRLF the nt time Git touches it

TM@DESKTOP-S1CO95O MINGW64 ~SI_2023_lab1_171261 (master)
$ git commit -m initial commit
[master (root-commit) c52d29f] initial commit
 1 file changed, 4 insertions(+)
 create mode 100644 README.md

TM@DESKTOP-S1CO95O MINGW64 ~SI_2023_lab1_171261 (master)
$ git status
On branch master
nothing to commit, working tree clean

TM@DESKTOP-S1CO95O MINGW64 ~SI_2023_lab1_171261 (master)
$ echo SILab1.java
SILab1.java

TM@DESKTOP-S1CO95O MINGW64 ~SI_2023_lab1_171261 (master)
$ ls
README.md

TM@DESKTOP-S1CO95O MINGW64 ~SI_2023_lab1_171261 (master)
$ echo # SI_2023_lab1_171261  SILab1.java

TM@DESKTOP-S1CO95O MINGW64 ~SI_2023_lab1_171261 (master)
$ ls
README.md  SILab1.java

TM@DESKTOP-S1CO95O MINGW64 ~SI_2023_lab1_171261 (master)
$ git add SILab1.java
warning in the working copy of 'SILab1.java', LF will be replaced by CRLF the next time Git touches it

TM@DESKTOP-S1CO95O MINGW64 ~SI_2023_lab1_171261 (master)
$ git commit -m Add java class
[master 10960e2] Add java class
 1 file changed, 41 insertions(+)
 create mode 100644 SILab1.java

TM@DESKTOP-S1CO95O MINGW64 ~SI_2023_lab1_171261 (master)
$ git status
On branch master
nothing to commit, working tree clean

TM@DESKTOP-S1CO95O MINGW64 ~SI_2023_lab1_171261 (master)
$ git push -u origin master
Enumerating objects 6, done.
Counting objects 100% (66), done.
Delta compression using up to 8 threads
Compressing objects 100% (44), done.
Writing objects 100% (66), 838 bytes  419.00 KiBs, done.
Total 6 (delta 1), reused 0 (delta 0), pack-reused 0
remote Resolving deltas 100% (11), done.
To httpsgithub.commladenovteodorSI_2023_lab1_171261.git
  [new branch]      master - master
branch 'master' set up to track 'originmaster'.

TM@DESKTOP-S1CO95O MINGW64 ~SI_2023_lab1_171261 (master)
$ touch logs.txt

TM@DESKTOP-S1CO95O MINGW64 ~SI_2023_lab1_171261 (master)
$ ls
README.md  SILab1.java  logs.txt

TM@DESKTOP-S1CO95O MINGW64 ~SI_2023_lab1_171261 (master)
$ touch 171261.txt

TM@DESKTOP-S1CO95O MINGW64 ~SI_2023_lab1_171261 (master)
$ git add logs.txt 171261.txt

TM@DESKTOP-S1CO95O MINGW64 ~SI_2023_lab1_171261 (master)
$ git status
On branch master
Your branch is up to date with 'originmaster'.

Changes to be committed
  (use git restore --staged file... to unstage)
        new file   171261.txt
        new file   logs.txt


TM@DESKTOP-S1CO95O MINGW64 ~SI_2023_lab1_171261 (master)
$ git commit -m Final commit
[master 223a6cd] Final commit
 2 files changed, 197 insertions(+)
 create mode 100644 171261.txt
 create mode 100644 logs.txt

TM@DESKTOP-S1CO95O MINGW64 ~SI_2023_lab1_171261 (master)
$ git push -u origin master
Enumerating objects 5, done.
Counting objects 100% (55), done.
Delta compression using up to 8 threads
Compressing objects 100% (44), done.
Writing objects 100% (44), 1.27 KiB  651.00 KiBs, done.
Total 4 (delta 1), reused 0 (delta 0), pack-reused 0
remote Resolving deltas 100% (11), done.
To httpsgithub.commladenovteodorSI_2023_lab1_171261.git
   10960e2..223a6cd  master - master
branch 'master' set up to track 'originmaster'.

TM@DESKTOP-S1CO95O MINGW64 ~SI_2023_lab1_171261 (master)
$
